main.c:87:5:main	16	static
main.c:156:6:SystemClock_Config	88	static
main.c:201:13:MX_ADC1_Init	24	static
main.c:251:13:MX_TIM1_Init	96	static
main.c:326:13:MX_TIM3_Init	32	static
main.c:371:13:MX_TIM11_Init	8	static
main.c:402:13:MX_USART2_UART_Init	8	static
main.c:435:13:MX_GPIO_Init	48	static
main.c:464:6:pid	4	static
main.c:471:6:HAL_ADC_ConvCpltCallback	24	static
main.c:477:6:HAL_TIM_PeriodElapsedCallback	24	static
main.c:485:21:micros	12	static
main.c:495:6:Error_Handler	4	static,ignoring_inline_asm
